Archive member included to satisfy reference by file (symbol)

c:/program files (x86)/atmel/studio/7.0/toolchain/avr8/avr8-gnu-toolchain/bin/../lib/gcc/avr/4.9.2/avr5\libgcc.a(_exit.o)
                              C:/Program Files (x86)/Atmel/Studio/7.0/Packs/atmel/ATmega_DFP/1.1.130/gcc/dev/atmega32u4/avr5/crtatmega32u4.o (exit)
c:/program files (x86)/atmel/studio/7.0/toolchain/avr8/avr8-gnu-toolchain/bin/../lib/gcc/avr/4.9.2/avr5\libgcc.a(_tablejump2.o)
                              LUFA/Drivers/USB/Core/DeviceStandardReq.o (__tablejump2__)
c:/program files (x86)/atmel/studio/7.0/toolchain/avr8/avr8-gnu-toolchain/bin/../lib/gcc/avr/4.9.2/avr5\libgcc.a(_copy_data.o)
                              GenericHID.o (__do_copy_data)
c:/program files (x86)/atmel/studio/7.0/toolchain/avr8/avr8-gnu-toolchain/bin/../lib/gcc/avr/4.9.2/avr5\libgcc.a(_clear_bss.o)
                              GenericHID.o (__do_clear_bss)
c:/program files (x86)/atmel/studio/7.0/toolchain/avr8/avr8-gnu-toolchain/bin/../lib/gcc/avr/4.9.2/../../../../avr/lib/avr5\libc.a(memcpy_P.o)
                              LUFA/Drivers/USB/Class/Device/RNDISClassDevice.o (memcpy_P)
c:/program files (x86)/atmel/studio/7.0/toolchain/avr8/avr8-gnu-toolchain/bin/../lib/gcc/avr/4.9.2/../../../../avr/lib/avr5\libc.a(strlen_P.o)
                              LUFA/Drivers/USB/Class/Device/CDCClassDevice.o (__strlen_P)
c:/program files (x86)/atmel/studio/7.0/toolchain/avr8/avr8-gnu-toolchain/bin/../lib/gcc/avr/4.9.2/../../../../avr/lib/avr5\libc.a(memcmp.o)
                              LUFA/Drivers/USB/Class/Device/HIDClassDevice.o (memcmp)
c:/program files (x86)/atmel/studio/7.0/toolchain/avr8/avr8-gnu-toolchain/bin/../lib/gcc/avr/4.9.2/../../../../avr/lib/avr5\libc.a(memcpy.o)
                              LUFA/Drivers/USB/Class/Device/HIDClassDevice.o (memcpy)
c:/program files (x86)/atmel/studio/7.0/toolchain/avr8/avr8-gnu-toolchain/bin/../lib/gcc/avr/4.9.2/../../../../avr/lib/avr5\libc.a(memset.o)
                              LUFA/Drivers/USB/Class/Device/HIDClassDevice.o (memset)
c:/program files (x86)/atmel/studio/7.0/toolchain/avr8/avr8-gnu-toolchain/bin/../lib/gcc/avr/4.9.2/../../../../avr/lib/avr5\libc.a(iob.o)
                              LUFA/Drivers/Peripheral/AVR8/Serial_AVR8.o (__iob)
C:/Program Files (x86)/Atmel/Studio/7.0/Packs/atmel/ATmega_DFP/1.1.130/gcc/dev/atmega32u4/avr5\libatmega32u4.a(eerd_byte.o)
                              LUFA/Drivers/USB/Core/AVR8/EndpointStream_AVR8.o (eeprom_read_byte)
C:/Program Files (x86)/Atmel/Studio/7.0/Packs/atmel/ATmega_DFP/1.1.130/gcc/dev/atmega32u4/avr5\libatmega32u4.a(eeupd_byte.o)
                              LUFA/Drivers/USB/Core/AVR8/EndpointStream_AVR8.o (eeprom_update_byte)

Allocating common symbols
Common symbol       size              file

USB_IsInitialized   0x1               LUFA/Drivers/USB/Core/USBTask.o
USB_DeviceState     0x1               LUFA/Drivers/USB/Core/USBTask.o
USB_Device_ConfigurationNumber
                    0x1               LUFA/Drivers/USB/Core/DeviceStandardReq.o
USB_Device_CurrentlySelfPowered
                    0x1               LUFA/Drivers/USB/Core/DeviceStandardReq.o
USARTSerialStream   0xe               LUFA/Drivers/Peripheral/AVR8/Serial_AVR8.o
USB_ControlRequest  0x8               LUFA/Drivers/USB/Core/USBTask.o
USB_Device_RemoteWakeupEnabled
                    0x1               LUFA/Drivers/USB/Core/DeviceStandardReq.o
__iob               0x6               c:/program files (x86)/atmel/studio/7.0/toolchain/avr8/avr8-gnu-toolchain/bin/../lib/gcc/avr/4.9.2/../../../../avr/lib/avr5\libc.a(iob.o)

Discarded input sections

 .data          0x00000000        0x0 C:/Program Files (x86)/Atmel/Studio/7.0/Packs/atmel/ATmega_DFP/1.1.130/gcc/dev/atmega32u4/avr5/crtatmega32u4.o
 .bss           0x00000000        0x0 C:/Program Files (x86)/Atmel/Studio/7.0/Packs/atmel/ATmega_DFP/1.1.130/gcc/dev/atmega32u4/avr5/crtatmega32u4.o
 .text          0x00000000        0x0 Descriptors.o
 .data          0x00000000        0x0 Descriptors.o
 .bss           0x00000000        0x0 Descriptors.o
 .text          0x00000000        0x0 GenericHID.o
 .data          0x00000000        0x0 GenericHID.o
 .bss           0x00000000        0x0 GenericHID.o
 .text          0x00000000        0x0 LUFA/Drivers/Board/Temperature.o
 .data          0x00000000        0x0 LUFA/Drivers/Board/Temperature.o
 .bss           0x00000000        0x0 LUFA/Drivers/Board/Temperature.o
 .comment       0x00000000       0x31 LUFA/Drivers/Board/Temperature.o
 .text          0x00000000        0x0 LUFA/Drivers/Peripheral/AVR8/Serial_AVR8.o
 .data          0x00000000        0x0 LUFA/Drivers/Peripheral/AVR8/Serial_AVR8.o
 .bss           0x00000000        0x0 LUFA/Drivers/Peripheral/AVR8/Serial_AVR8.o
 .text.Serial_putchar
                0x00000000       0x12 LUFA/Drivers/Peripheral/AVR8/Serial_AVR8.o
 .text.Serial_getchar
                0x00000000       0x24 LUFA/Drivers/Peripheral/AVR8/Serial_AVR8.o
 .text.Serial_getchar_Blocking
                0x00000000       0x1e LUFA/Drivers/Peripheral/AVR8/Serial_AVR8.o
 .text.Serial_SendString_P
                0x00000000       0x1a LUFA/Drivers/Peripheral/AVR8/Serial_AVR8.o
 .text.Serial_SendString
                0x00000000       0x18 LUFA/Drivers/Peripheral/AVR8/Serial_AVR8.o
 .text.Serial_SendData
                0x00000000       0x20 LUFA/Drivers/Peripheral/AVR8/Serial_AVR8.o
 .text.Serial_CreateStream
                0x00000000       0x3c LUFA/Drivers/Peripheral/AVR8/Serial_AVR8.o
 .text.Serial_CreateBlockingStream
                0x00000000       0x3c LUFA/Drivers/Peripheral/AVR8/Serial_AVR8.o
 .comment       0x00000000       0x31 LUFA/Drivers/Peripheral/AVR8/Serial_AVR8.o
 COMMON         0x00000000        0xe LUFA/Drivers/Peripheral/AVR8/Serial_AVR8.o
 .text          0x00000000        0x0 LUFA/Drivers/Peripheral/AVR8/TWI_AVR8.o
 .data          0x00000000        0x0 LUFA/Drivers/Peripheral/AVR8/TWI_AVR8.o
 .bss           0x00000000        0x0 LUFA/Drivers/Peripheral/AVR8/TWI_AVR8.o
 .text.TWI_StartTransmission
                0x00000000       0xa8 LUFA/Drivers/Peripheral/AVR8/TWI_AVR8.o
 .text.TWI_SendByte
                0x00000000       0x22 LUFA/Drivers/Peripheral/AVR8/TWI_AVR8.o
 .text.TWI_ReceiveByte
                0x00000000       0x38 LUFA/Drivers/Peripheral/AVR8/TWI_AVR8.o
 .text.TWI_ReadPacket
                0x00000000       0xba LUFA/Drivers/Peripheral/AVR8/TWI_AVR8.o
 .text.TWI_WritePacket
                0x00000000       0x8c LUFA/Drivers/Peripheral/AVR8/TWI_AVR8.o
 .comment       0x00000000       0x31 LUFA/Drivers/Peripheral/AVR8/TWI_AVR8.o
 .text          0x00000000        0x0 LUFA/Drivers/Peripheral/XMEGA/Serial_XMEGA.o
 .data          0x00000000        0x0 LUFA/Drivers/Peripheral/XMEGA/Serial_XMEGA.o
 .bss           0x00000000        0x0 LUFA/Drivers/Peripheral/XMEGA/Serial_XMEGA.o
 .comment       0x00000000       0x31 LUFA/Drivers/Peripheral/XMEGA/Serial_XMEGA.o
 .text          0x00000000        0x0 LUFA/Drivers/Peripheral/XMEGA/TWI_XMEGA.o
 .data          0x00000000        0x0 LUFA/Drivers/Peripheral/XMEGA/TWI_XMEGA.o
 .bss           0x00000000        0x0 LUFA/Drivers/Peripheral/XMEGA/TWI_XMEGA.o
 .comment       0x00000000       0x31 LUFA/Drivers/Peripheral/XMEGA/TWI_XMEGA.o
 .text          0x00000000        0x0 LUFA/Drivers/USB/Class/Common/HIDParser.o
 .data          0x00000000        0x0 LUFA/Drivers/USB/Class/Common/HIDParser.o
 .bss           0x00000000        0x0 LUFA/Drivers/USB/Class/Common/HIDParser.o
 .text.USB_ProcessHIDReport
                0x00000000      0x6ce LUFA/Drivers/USB/Class/Common/HIDParser.o
 .text.USB_GetHIDReportItemInfo
                0x00000000       0xbc LUFA/Drivers/USB/Class/Common/HIDParser.o
 .text.USB_SetHIDReportItemInfo
                0x00000000       0xce LUFA/Drivers/USB/Class/Common/HIDParser.o
 .text.USB_GetHIDReportSize
                0x00000000       0x54 LUFA/Drivers/USB/Class/Common/HIDParser.o
 .comment       0x00000000       0x31 LUFA/Drivers/USB/Class/Common/HIDParser.o
 .text          0x00000000        0x0 LUFA/Drivers/USB/Class/Device/AudioClassDevice.o
 .data          0x00000000        0x0 LUFA/Drivers/USB/Class/Device/AudioClassDevice.o
 .bss           0x00000000        0x0 LUFA/Drivers/USB/Class/Device/AudioClassDevice.o
 .text.Audio_Device_ConfigureEndpoints
                0x00000000       0x32 LUFA/Drivers/USB/Class/Device/AudioClassDevice.o
 .text.Audio_Device_Event_Stub
                0x00000000        0x2 LUFA/Drivers/USB/Class/Device/AudioClassDevice.o
 .text.Audio_Device_ProcessControlRequest
                0x00000000      0x2e4 LUFA/Drivers/USB/Class/Device/AudioClassDevice.o
 .comment       0x00000000       0x31 LUFA/Drivers/USB/Class/Device/AudioClassDevice.o
 .text          0x00000000        0x0 LUFA/Drivers/USB/Class/Device/CDCClassDevice.o
 .data          0x00000000        0x0 LUFA/Drivers/USB/Class/Device/CDCClassDevice.o
 .bss           0x00000000        0x0 LUFA/Drivers/USB/Class/Device/CDCClassDevice.o
 .text.CDC_Device_ConfigureEndpoints
                0x00000000       0x50 LUFA/Drivers/USB/Class/Device/CDCClassDevice.o
 .text.CDC_Device_SendString
                0x00000000       0x42 LUFA/Drivers/USB/Class/Device/CDCClassDevice.o
 .text.CDC_Device_SendString_P
                0x00000000       0x52 LUFA/Drivers/USB/Class/Device/CDCClassDevice.o
 .text.CDC_Device_SendData
                0x00000000       0x34 LUFA/Drivers/USB/Class/Device/CDCClassDevice.o
 .text.CDC_Device_SendData_P
                0x00000000       0x34 LUFA/Drivers/USB/Class/Device/CDCClassDevice.o
 .text.CDC_Device_SendByte
                0x00000000       0x58 LUFA/Drivers/USB/Class/Device/CDCClassDevice.o
 .text.CDC_Device_putchar
                0x00000000       0x22 LUFA/Drivers/USB/Class/Device/CDCClassDevice.o
 .text.CDC_Device_Flush
                0x00000000       0x5e LUFA/Drivers/USB/Class/Device/CDCClassDevice.o
 .text.CDC_Device_USBTask
                0x00000000       0x2e LUFA/Drivers/USB/Class/Device/CDCClassDevice.o
 .text.CDC_Device_BytesReceived
                0x00000000       0x5a LUFA/Drivers/USB/Class/Device/CDCClassDevice.o
 .text.CDC_Device_ReceiveByte
                0x00000000       0x6a LUFA/Drivers/USB/Class/Device/CDCClassDevice.o
 .text.CDC_Device_getchar
                0x00000000       0x14 LUFA/Drivers/USB/Class/Device/CDCClassDevice.o
 .text.CDC_Device_getchar_Blocking
                0x00000000       0x32 LUFA/Drivers/USB/Class/Device/CDCClassDevice.o
 .rodata        0x00000000        0x8 LUFA/Drivers/USB/Class/Device/CDCClassDevice.o
 .text.CDC_Device_SendControlLineStateChange
                0x00000000       0x8e LUFA/Drivers/USB/Class/Device/CDCClassDevice.o
 .text.CDC_Device_CreateStream
                0x00000000       0x26 LUFA/Drivers/USB/Class/Device/CDCClassDevice.o
 .text.CDC_Device_CreateBlockingStream
                0x00000000       0x26 LUFA/Drivers/USB/Class/Device/CDCClassDevice.o
 .text.CDC_Device_Event_Stub
                0x00000000        0x2 LUFA/Drivers/USB/Class/Device/CDCClassDevice.o
 .text.CDC_Device_ProcessControlRequest
                0x00000000      0x16e LUFA/Drivers/USB/Class/Device/CDCClassDevice.o
 .comment       0x00000000       0x31 LUFA/Drivers/USB/Class/Device/CDCClassDevice.o
 .text          0x00000000        0x0 LUFA/Drivers/USB/Class/Device/HIDClassDevice.o
 .data          0x00000000        0x0 LUFA/Drivers/USB/Class/Device/HIDClassDevice.o
 .bss           0x00000000        0x0 LUFA/Drivers/USB/Class/Device/HIDClassDevice.o
 .text          0x00000000        0x0 LUFA/Drivers/USB/Class/Device/MassStorageClassDevice.o
 .data          0x00000000        0x0 LUFA/Drivers/USB/Class/Device/MassStorageClassDevice.o
 .bss           0x00000000        0x0 LUFA/Drivers/USB/Class/Device/MassStorageClassDevice.o
 .text.MS_Device_ProcessControlRequest
                0x00000000       0x86 LUFA/Drivers/USB/Class/Device/MassStorageClassDevice.o
 .text.MS_Device_ConfigureEndpoints
                0x00000000       0x3e LUFA/Drivers/USB/Class/Device/MassStorageClassDevice.o
 .text.MS_Device_USBTask
                0x00000000      0x23e LUFA/Drivers/USB/Class/Device/MassStorageClassDevice.o
 .comment       0x00000000       0x31 LUFA/Drivers/USB/Class/Device/MassStorageClassDevice.o
 .text          0x00000000        0x0 LUFA/Drivers/USB/Class/Device/MIDIClassDevice.o
 .data          0x00000000        0x0 LUFA/Drivers/USB/Class/Device/MIDIClassDevice.o
 .bss           0x00000000        0x0 LUFA/Drivers/USB/Class/Device/MIDIClassDevice.o
 .text.MIDI_Device_ConfigureEndpoints
                0x00000000       0x32 LUFA/Drivers/USB/Class/Device/MIDIClassDevice.o
 .text.MIDI_Device_SendEventPacket
                0x00000000       0x46 LUFA/Drivers/USB/Class/Device/MIDIClassDevice.o
 .text.MIDI_Device_Flush
                0x00000000       0x38 LUFA/Drivers/USB/Class/Device/MIDIClassDevice.o
 .text.MIDI_Device_USBTask
                0x00000000       0x22 LUFA/Drivers/USB/Class/Device/MIDIClassDevice.o
 .text.MIDI_Device_ReceiveEventPacket
                0x00000000       0x4a LUFA/Drivers/USB/Class/Device/MIDIClassDevice.o
 .comment       0x00000000       0x31 LUFA/Drivers/USB/Class/Device/MIDIClassDevice.o
 .text          0x00000000        0x0 LUFA/Drivers/USB/Class/Device/PrinterClassDevice.o
 .data          0x00000000        0x0 LUFA/Drivers/USB/Class/Device/PrinterClassDevice.o
 .bss           0x00000000        0x0 LUFA/Drivers/USB/Class/Device/PrinterClassDevice.o
 .text.PRNT_Device_ConfigureEndpoints
                0x00000000       0x38 LUFA/Drivers/USB/Class/Device/PrinterClassDevice.o
 .text.PRNT_Device_SendString
                0x00000000       0x32 LUFA/Drivers/USB/Class/Device/PrinterClassDevice.o
 .text.PRNT_Device_SendData
                0x00000000       0x24 LUFA/Drivers/USB/Class/Device/PrinterClassDevice.o
 .text.PRNT_Device_SendByte
                0x00000000       0x40 LUFA/Drivers/USB/Class/Device/PrinterClassDevice.o
 .text.PRNT_Device_putchar
                0x00000000       0x22 LUFA/Drivers/USB/Class/Device/PrinterClassDevice.o
 .text.PRNT_Device_Flush
                0x00000000       0x4e LUFA/Drivers/USB/Class/Device/PrinterClassDevice.o
 .text.PRNT_Device_USBTask
                0x00000000       0x9c LUFA/Drivers/USB/Class/Device/PrinterClassDevice.o
 .text.PRNT_Device_BytesReceived
                0x00000000       0x4a LUFA/Drivers/USB/Class/Device/PrinterClassDevice.o
 .text.PRNT_Device_ReceiveByte
                0x00000000       0x5a LUFA/Drivers/USB/Class/Device/PrinterClassDevice.o
 .text.PRNT_Device_getchar
                0x00000000       0x14 LUFA/Drivers/USB/Class/Device/PrinterClassDevice.o
 .text.PRNT_Device_getchar_Blocking
                0x00000000       0x32 LUFA/Drivers/USB/Class/Device/PrinterClassDevice.o
 .text.PRNT_Device_CreateStream
                0x00000000       0x26 LUFA/Drivers/USB/Class/Device/PrinterClassDevice.o
 .text.PRNT_Device_CreateBlockingStream
                0x00000000       0x26 LUFA/Drivers/USB/Class/Device/PrinterClassDevice.o
 .text.PRNT_Device_Event_Stub
                0x00000000        0x2 LUFA/Drivers/USB/Class/Device/PrinterClassDevice.o
 .text.PRNT_Device_ProcessControlRequest
                0x00000000       0xdc LUFA/Drivers/USB/Class/Device/PrinterClassDevice.o
 .comment       0x00000000       0x31 LUFA/Drivers/USB/Class/Device/PrinterClassDevice.o
 .text          0x00000000        0x0 LUFA/Drivers/USB/Class/Device/RNDISClassDevice.o
 .data          0x00000000        0x0 LUFA/Drivers/USB/Class/Device/RNDISClassDevice.o
 .bss           0x00000000        0x0 LUFA/Drivers/USB/Class/Device/RNDISClassDevice.o
 .text.RNDIS_Device_ProcessControlRequest
                0x00000000      0x4e8 LUFA/Drivers/USB/Class/Device/RNDISClassDevice.o
 .text.RNDIS_Device_ConfigureEndpoints
                0x00000000       0x64 LUFA/Drivers/USB/Class/Device/RNDISClassDevice.o
 .rodata        0x00000000        0x8 LUFA/Drivers/USB/Class/Device/RNDISClassDevice.o
 .text.RNDIS_Device_USBTask
                0x00000000       0x80 LUFA/Drivers/USB/Class/Device/RNDISClassDevice.o
 .text.RNDIS_Device_IsPacketReceived
                0x00000000       0x28 LUFA/Drivers/USB/Class/Device/RNDISClassDevice.o
 .text.RNDIS_Device_ReadPacket
                0x00000000       0xb6 LUFA/Drivers/USB/Class/Device/RNDISClassDevice.o
 .text.RNDIS_Device_SendPacket
                0x00000000       0xd4 LUFA/Drivers/USB/Class/Device/RNDISClassDevice.o
 .progmem.data.AdapterSupportedOIDList
                0x00000000       0x6c LUFA/Drivers/USB/Class/Device/RNDISClassDevice.o
 .comment       0x00000000       0x31 LUFA/Drivers/USB/Class/Device/RNDISClassDevice.o
 .text          0x00000000        0x0 LUFA/Drivers/USB/Class/Host/AndroidAccessoryClassHost.o
 .data          0x00000000        0x0 LUFA/Drivers/USB/Class/Host/AndroidAccessoryClassHost.o
 .bss           0x00000000        0x0 LUFA/Drivers/USB/Class/Host/AndroidAccessoryClassHost.o
 .comment       0x00000000       0x31 LUFA/Drivers/USB/Class/Host/AndroidAccessoryClassHost.o
 .text          0x00000000        0x0 LUFA/Drivers/USB/Class/Host/AudioClassHost.o
 .data          0x00000000        0x0 LUFA/Drivers/USB/Class/Host/AudioClassHost.o
 .bss           0x00000000        0x0 LUFA/Drivers/USB/Class/Host/AudioClassHost.o
 .comment       0x00000000       0x31 LUFA/Drivers/USB/Class/Host/AudioClassHost.o
 .text          0x00000000        0x0 LUFA/Drivers/USB/Class/Host/CDCClassHost.o
 .data          0x00000000        0x0 LUFA/Drivers/USB/Class/Host/CDCClassHost.o
 .bss           0x00000000        0x0 LUFA/Drivers/USB/Class/Host/CDCClassHost.o
 .comment       0x00000000       0x31 LUFA/Drivers/USB/Class/Host/CDCClassHost.o
 .text          0x00000000        0x0 LUFA/Drivers/USB/Class/Host/HIDClassHost.o
 .data          0x00000000        0x0 LUFA/Drivers/USB/Class/Host/HIDClassHost.o
 .bss           0x00000000        0x0 LUFA/Drivers/USB/Class/Host/HIDClassHost.o
 .comment       0x00000000       0x31 LUFA/Drivers/USB/Class/Host/HIDClassHost.o
 .text          0x00000000        0x0 LUFA/Drivers/USB/Class/Host/MassStorageClassHost.o
 .data          0x00000000        0x0 LUFA/Drivers/USB/Class/Host/MassStorageClassHost.o
 .bss           0x00000000        0x0 LUFA/Drivers/USB/Class/Host/MassStorageClassHost.o
 .comment       0x00000000       0x31 LUFA/Drivers/USB/Class/Host/MassStorageClassHost.o
 .text          0x00000000        0x0 LUFA/Drivers/USB/Class/Host/MIDIClassHost.o
 .data          0x00000000        0x0 LUFA/Drivers/USB/Class/Host/MIDIClassHost.o
 .bss           0x00000000        0x0 LUFA/Drivers/USB/Class/Host/MIDIClassHost.o
 .comment       0x00000000       0x31 LUFA/Drivers/USB/Class/Host/MIDIClassHost.o
 .text          0x00000000        0x0 LUFA/Drivers/USB/Class/Host/PrinterClassHost.o
 .data          0x00000000        0x0 LUFA/Drivers/USB/Class/Host/PrinterClassHost.o
 .bss           0x00000000        0x0 LUFA/Drivers/USB/Class/Host/PrinterClassHost.o
 .comment       0x00000000       0x31 LUFA/Drivers/USB/Class/Host/PrinterClassHost.o
 .text          0x00000000        0x0 LUFA/Drivers/USB/Class/Host/RNDISClassHost.o
 .data          0x00000000        0x0 LUFA/Drivers/USB/Class/Host/RNDISClassHost.o
 .bss           0x00000000        0x0 LUFA/Drivers/USB/Class/Host/RNDISClassHost.o
 .comment       0x00000000       0x31 LUFA/Drivers/USB/Class/Host/RNDISClassHost.o
 .text          0x00000000        0x0 LUFA/Drivers/USB/Class/Host/StillImageClassHost.o
 .data          0x00000000        0x0 LUFA/Drivers/USB/Class/Host/StillImageClassHost.o
 .bss           0x00000000        0x0 LUFA/Drivers/USB/Class/Host/StillImageClassHost.o
 .comment       0x00000000       0x31 LUFA/Drivers/USB/Class/Host/StillImageClassHost.o
 .text          0x00000000        0x0 LUFA/Drivers/USB/Core/AVR8/Device_AVR8.o
 .data          0x00000000        0x0 LUFA/Drivers/USB/Core/AVR8/Device_AVR8.o
 .bss           0x00000000        0x0 LUFA/Drivers/USB/Core/AVR8/Device_AVR8.o
 .text.USB_Device_SendRemoteWakeup
                0x00000000       0x2c LUFA/Drivers/USB/Core/AVR8/Device_AVR8.o
 .comment       0x00000000       0x31 LUFA/Drivers/USB/Core/AVR8/Device_AVR8.o
 .text          0x00000000        0x0 LUFA/Drivers/USB/Core/AVR8/EndpointStream_AVR8.o
 .data          0x00000000        0x0 LUFA/Drivers/USB/Core/AVR8/EndpointStream_AVR8.o
 .bss           0x00000000        0x0 LUFA/Drivers/USB/Core/AVR8/EndpointStream_AVR8.o
 .text.Endpoint_Discard_Stream
                0x00000000       0x80 LUFA/Drivers/USB/Core/AVR8/EndpointStream_AVR8.o
 .text.Endpoint_Null_Stream
                0x00000000       0x80 LUFA/Drivers/USB/Core/AVR8/EndpointStream_AVR8.o
 .text.Endpoint_Write_Stream_BE
                0x00000000       0xa6 LUFA/Drivers/USB/Core/AVR8/EndpointStream_AVR8.o
 .text.Endpoint_Read_Stream_LE
                0x00000000       0x9a LUFA/Drivers/USB/Core/AVR8/EndpointStream_AVR8.o
 .text.Endpoint_Read_Stream_BE
                0x00000000       0xa6 LUFA/Drivers/USB/Core/AVR8/EndpointStream_AVR8.o
 .text.Endpoint_Write_PStream_LE
                0x00000000       0xa0 LUFA/Drivers/USB/Core/AVR8/EndpointStream_AVR8.o
 .text.Endpoint_Write_PStream_BE
                0x00000000       0xa8 LUFA/Drivers/USB/Core/AVR8/EndpointStream_AVR8.o
 .text.Endpoint_Write_EStream_LE
                0x00000000       0xa0 LUFA/Drivers/USB/Core/AVR8/EndpointStream_AVR8.o
 .text.Endpoint_Write_EStream_BE
                0x00000000       0xaa LUFA/Drivers/USB/Core/AVR8/EndpointStream_AVR8.o
 .text.Endpoint_Read_EStream_LE
                0x00000000       0xa0 LUFA/Drivers/USB/Core/AVR8/EndpointStream_AVR8.o
 .text.Endpoint_Read_EStream_BE
                0x00000000       0xaa LUFA/Drivers/USB/Core/AVR8/EndpointStream_AVR8.o
 .text.Endpoint_Write_Control_Stream_BE
                0x00000000       0xd0 LUFA/Drivers/USB/Core/AVR8/EndpointStream_AVR8.o
 .text.Endpoint_Read_Control_Stream_BE
                0x00000000       0x82 LUFA/Drivers/USB/Core/AVR8/EndpointStream_AVR8.o
 .text.Endpoint_Write_Control_PStream_BE
                0x00000000       0xce LUFA/Drivers/USB/Core/AVR8/EndpointStream_AVR8.o
 .text.Endpoint_Write_Control_EStream_LE
                0x00000000       0xf4 LUFA/Drivers/USB/Core/AVR8/EndpointStream_AVR8.o
 .text.Endpoint_Write_Control_EStream_BE
                0x00000000      0x100 LUFA/Drivers/USB/Core/AVR8/EndpointStream_AVR8.o
 .text.Endpoint_Read_Control_EStream_LE
                0x00000000       0x94 LUFA/Drivers/USB/Core/AVR8/EndpointStream_AVR8.o
 .text.Endpoint_Read_Control_EStream_BE
                0x00000000       0x92 LUFA/Drivers/USB/Core/AVR8/EndpointStream_AVR8.o
 .text          0x00000000        0x0 LUFA/Drivers/USB/Core/AVR8/Endpoint_AVR8.o
 .data          0x00000000        0x0 LUFA/Drivers/USB/Core/AVR8/Endpoint_AVR8.o
 .bss           0x00000000        0x0 LUFA/Drivers/USB/Core/AVR8/Endpoint_AVR8.o
 .text.Endpoint_ClearEndpoints
                0x00000000       0x28 LUFA/Drivers/USB/Core/AVR8/Endpoint_AVR8.o
 .text          0x00000000        0x0 LUFA/Drivers/USB/Core/AVR8/Host_AVR8.o
 .data          0x00000000        0x0 LUFA/Drivers/USB/Core/AVR8/Host_AVR8.o
 .bss           0x00000000        0x0 LUFA/Drivers/USB/Core/AVR8/Host_AVR8.o
 .comment       0x00000000       0x31 LUFA/Drivers/USB/Core/AVR8/Host_AVR8.o
 .text          0x00000000        0x0 LUFA/Drivers/USB/Core/AVR8/PipeStream_AVR8.o
 .data          0x00000000        0x0 LUFA/Drivers/USB/Core/AVR8/PipeStream_AVR8.o
 .bss           0x00000000        0x0 LUFA/Drivers/USB/Core/AVR8/PipeStream_AVR8.o
 .comment       0x00000000       0x31 LUFA/Drivers/USB/Core/AVR8/PipeStream_AVR8.o
 .text          0x00000000        0x0 LUFA/Drivers/USB/Core/AVR8/Pipe_AVR8.o
 .data          0x00000000        0x0 LUFA/Drivers/USB/Core/AVR8/Pipe_AVR8.o
 .bss           0x00000000        0x0 LUFA/Drivers/USB/Core/AVR8/Pipe_AVR8.o
 .comment       0x00000000       0x31 LUFA/Drivers/USB/Core/AVR8/Pipe_AVR8.o
 .text          0x00000000        0x0 LUFA/Drivers/USB/Core/AVR8/Template/Template_Endpoint_Control_R.o
 .data          0x00000000        0x0 LUFA/Drivers/USB/Core/AVR8/Template/Template_Endpoint_Control_R.o
 .bss           0x00000000        0x0 LUFA/Drivers/USB/Core/AVR8/Template/Template_Endpoint_Control_R.o
 .comment       0x00000000       0x31 LUFA/Drivers/USB/Core/AVR8/Template/Template_Endpoint_Control_R.o
 .text          0x00000000        0x0 LUFA/Drivers/USB/Core/AVR8/Template/Template_Endpoint_Control_W.o
 .data          0x00000000        0x0 LUFA/Drivers/USB/Core/AVR8/Template/Template_Endpoint_Control_W.o
 .bss           0x00000000        0x0 LUFA/Drivers/USB/Core/AVR8/Template/Template_Endpoint_Control_W.o
 .comment       0x00000000       0x31 LUFA/Drivers/USB/Core/AVR8/Template/Template_Endpoint_Control_W.o
 .text          0x00000000        0x0 LUFA/Drivers/USB/Core/AVR8/Template/Template_Endpoint_RW.o
 .data          0x00000000        0x0 LUFA/Drivers/USB/Core/AVR8/Template/Template_Endpoint_RW.o
 .bss           0x00000000        0x0 LUFA/Drivers/USB/Core/AVR8/Template/Template_Endpoint_RW.o
 .comment       0x00000000       0x31 LUFA/Drivers/USB/Core/AVR8/Template/Template_Endpoint_RW.o
 .text          0x00000000        0x0 LUFA/Drivers/USB/Core/AVR8/Template/Template_Pipe_RW.o
 .data          0x00000000        0x0 LUFA/Drivers/USB/Core/AVR8/Template/Template_Pipe_RW.o
 .bss           0x00000000        0x0 LUFA/Drivers/USB/Core/AVR8/Template/Template_Pipe_RW.o
 .comment       0x00000000       0x31 LUFA/Drivers/USB/Core/AVR8/Template/Template_Pipe_RW.o
 .text          0x00000000        0x0 LUFA/Drivers/USB/Core/AVR8/USBController_AVR8.o
 .data          0x00000000        0x0 LUFA/Drivers/USB/Core/AVR8/USBController_AVR8.o
 .bss           0x00000000        0x0 LUFA/Drivers/USB/Core/AVR8/USBController_AVR8.o
 .text.USB_Disable
                0x00000000       0x34 LUFA/Drivers/USB/Core/AVR8/USBController_AVR8.o
 .text          0x00000000        0x0 LUFA/Drivers/USB/Core/AVR8/USBInterrupt_AVR8.o
 .data          0x00000000        0x0 LUFA/Drivers/USB/Core/AVR8/USBInterrupt_AVR8.o
 .bss           0x00000000        0x0 LUFA/Drivers/USB/Core/AVR8/USBInterrupt_AVR8.o
 .text          0x00000000        0x0 LUFA/Drivers/USB/Core/ConfigDescriptors.o
 .data          0x00000000        0x0 LUFA/Drivers/USB/Core/ConfigDescriptors.o
 .bss           0x00000000        0x0 LUFA/Drivers/USB/Core/ConfigDescriptors.o
 .text.USB_GetNextDescriptorOfType
                0x00000000       0x44 LUFA/Drivers/USB/Core/ConfigDescriptors.o
 .text.USB_GetNextDescriptorOfTypeBefore
                0x00000000       0x54 LUFA/Drivers/USB/Core/ConfigDescriptors.o
 .text.USB_GetNextDescriptorOfTypeAfter
                0x00000000       0x3e LUFA/Drivers/USB/Core/ConfigDescriptors.o
 .text.USB_GetNextDescriptorComp
                0x00000000       0x84 LUFA/Drivers/USB/Core/ConfigDescriptors.o
 .comment       0x00000000       0x31 LUFA/Drivers/USB/Core/ConfigDescriptors.o
 .text          0x00000000        0x0 LUFA/Drivers/USB/Core/DeviceStandardReq.o
 .data          0x00000000        0x0 LUFA/Drivers/USB/Core/DeviceStandardReq.o
 .bss           0x00000000        0x0 LUFA/Drivers/USB/Core/DeviceStandardReq.o
 .text          0x00000000        0x0 LUFA/Drivers/USB/Core/Events.o
 .data          0x00000000        0x0 LUFA/Drivers/USB/Core/Events.o
 .bss           0x00000000        0x0 LUFA/Drivers/USB/Core/Events.o
 .text          0x00000000        0x0 LUFA/Drivers/USB/Core/HostStandardReq.o
 .data          0x00000000        0x0 LUFA/Drivers/USB/Core/HostStandardReq.o
 .bss           0x00000000        0x0 LUFA/Drivers/USB/Core/HostStandardReq.o
 .comment       0x00000000       0x31 LUFA/Drivers/USB/Core/HostStandardReq.o
 .text          0x00000000        0x0 LUFA/Drivers/USB/Core/UC3/Device_UC3.o
 .data          0x00000000        0x0 LUFA/Drivers/USB/Core/UC3/Device_UC3.o
 .bss           0x00000000        0x0 LUFA/Drivers/USB/Core/UC3/Device_UC3.o
 .comment       0x00000000       0x31 LUFA/Drivers/USB/Core/UC3/Device_UC3.o
 .text          0x00000000        0x0 LUFA/Drivers/USB/Core/UC3/EndpointStream_UC3.o
 .data          0x00000000        0x0 LUFA/Drivers/USB/Core/UC3/EndpointStream_UC3.o
 .bss           0x00000000        0x0 LUFA/Drivers/USB/Core/UC3/EndpointStream_UC3.o
 .comment       0x00000000       0x31 LUFA/Drivers/USB/Core/UC3/EndpointStream_UC3.o
 .text          0x00000000        0x0 LUFA/Drivers/USB/Core/UC3/Endpoint_UC3.o
 .data          0x00000000        0x0 LUFA/Drivers/USB/Core/UC3/Endpoint_UC3.o
 .bss           0x00000000        0x0 LUFA/Drivers/USB/Core/UC3/Endpoint_UC3.o
 .comment       0x00000000       0x31 LUFA/Drivers/USB/Core/UC3/Endpoint_UC3.o
 .text          0x00000000        0x0 LUFA/Drivers/USB/Core/UC3/Host_UC3.o
 .data          0x00000000        0x0 LUFA/Drivers/USB/Core/UC3/Host_UC3.o
 .bss           0x00000000        0x0 LUFA/Drivers/USB/Core/UC3/Host_UC3.o
 .comment       0x00000000       0x31 LUFA/Drivers/USB/Core/UC3/Host_UC3.o
 .text          0x00000000        0x0 LUFA/Drivers/USB/Core/UC3/PipeStream_UC3.o
 .data          0x00000000        0x0 LUFA/Drivers/USB/Core/UC3/PipeStream_UC3.o
 .bss           0x00000000        0x0 LUFA/Drivers/USB/Core/UC3/PipeStream_UC3.o
 .comment       0x00000000       0x31 LUFA/Drivers/USB/Core/UC3/PipeStream_UC3.o
 .text          0x00000000        0x0 LUFA/Drivers/USB/Core/UC3/Pipe_UC3.o
 .data          0x00000000        0x0 LUFA/Drivers/USB/Core/UC3/Pipe_UC3.o
 .bss           0x00000000        0x0 LUFA/Drivers/USB/Core/UC3/Pipe_UC3.o
 .comment       0x00000000       0x31 LUFA/Drivers/USB/Core/UC3/Pipe_UC3.o
 .text          0x00000000        0x0 LUFA/Drivers/USB/Core/UC3/Template/Template_Endpoint_Control_R.o
 .data          0x00000000        0x0 LUFA/Drivers/USB/Core/UC3/Template/Template_Endpoint_Control_R.o
 .bss           0x00000000        0x0 LUFA/Drivers/USB/Core/UC3/Template/Template_Endpoint_Control_R.o
 .comment       0x00000000       0x31 LUFA/Drivers/USB/Core/UC3/Template/Template_Endpoint_Control_R.o
 .text          0x00000000        0x0 LUFA/Drivers/USB/Core/UC3/Template/Template_Endpoint_Control_W.o
 .data          0x00000000        0x0 LUFA/Drivers/USB/Core/UC3/Template/Template_Endpoint_Control_W.o
 .bss           0x00000000        0x0 LUFA/Drivers/USB/Core/UC3/Template/Template_Endpoint_Control_W.o
 .comment       0x00000000       0x31 LUFA/Drivers/USB/Core/UC3/Template/Template_Endpoint_Control_W.o
 .text          0x00000000        0x0 LUFA/Drivers/USB/Core/UC3/Template/Template_Endpoint_RW.o
 .data          0x00000000        0x0 LUFA/Drivers/USB/Core/UC3/Template/Template_Endpoint_RW.o
 .bss           0x00000000        0x0 LUFA/Drivers/USB/Core/UC3/Template/Template_Endpoint_RW.o
 .comment       0x00000000       0x31 LUFA/Drivers/USB/Core/UC3/Template/Template_Endpoint_RW.o
 .text          0x00000000        0x0 LUFA/Drivers/USB/Core/UC3/Template/Template_Pipe_RW.o
 .data          0x00000000        0x0 LUFA/Drivers/USB/Core/UC3/Template/Template_Pipe_RW.o
 .bss           0x00000000        0x0 LUFA/Drivers/USB/Core/UC3/Template/Template_Pipe_RW.o
 .comment       0x00000000       0x31 LUFA/Drivers/USB/Core/UC3/Template/Template_Pipe_RW.o
 .text          0x00000000        0x0 LUFA/Drivers/USB/Core/UC3/USBController_UC3.o
 .data          0x00000000        0x0 LUFA/Drivers/USB/Core/UC3/USBController_UC3.o
 .bss           0x00000000        0x0 LUFA/Drivers/USB/Core/UC3/USBController_UC3.o
 .comment       0x00000000       0x31 LUFA/Drivers/USB/Core/UC3/USBController_UC3.o
 .text          0x00000000        0x0 LUFA/Drivers/USB/Core/UC3/USBInterrupt_UC3.o
 .data          0x00000000        0x0 LUFA/Drivers/USB/Core/UC3/USBInterrupt_UC3.o
 .bss           0x00000000        0x0 LUFA/Drivers/USB/Core/UC3/USBInterrupt_UC3.o
 .comment       0x00000000       0x31 LUFA/Drivers/USB/Core/UC3/USBInterrupt_UC3.o
 .text          0x00000000        0x0 LUFA/Drivers/USB/Core/USBTask.o
 .data          0x00000000        0x0 LUFA/Drivers/USB/Core/USBTask.o
 .bss           0x00000000        0x0 LUFA/Drivers/USB/Core/USBTask.o
 .text          0x00000000        0x0 LUFA/Drivers/USB/Core/XMEGA/Device_XMEGA.o
 .data          0x00000000        0x0 LUFA/Drivers/USB/Core/XMEGA/Device_XMEGA.o
 .bss           0x00000000        0x0 LUFA/Drivers/USB/Core/XMEGA/Device_XMEGA.o
 .comment       0x00000000       0x31 LUFA/Drivers/USB/Core/XMEGA/Device_XMEGA.o
 .text          0x00000000        0x0 LUFA/Drivers/USB/Core/XMEGA/EndpointStream_XMEGA.o
 .data          0x00000000        0x0 LUFA/Drivers/USB/Core/XMEGA/EndpointStream_XMEGA.o
 .bss           0x00000000        0x0 LUFA/Drivers/USB/Core/XMEGA/EndpointStream_XMEGA.o
 .comment       0x00000000       0x31 LUFA/Drivers/USB/Core/XMEGA/EndpointStream_XMEGA.o
 .text          0x00000000        0x0 LUFA/Drivers/USB/Core/XMEGA/Endpoint_XMEGA.o
 .data          0x00000000        0x0 LUFA/Drivers/USB/Core/XMEGA/Endpoint_XMEGA.o
 .bss           0x00000000        0x0 LUFA/Drivers/USB/Core/XMEGA/Endpoint_XMEGA.o
 .comment       0x00000000       0x31 LUFA/Drivers/USB/Core/XMEGA/Endpoint_XMEGA.o
 .text          0x00000000        0x0 LUFA/Drivers/USB/Core/XMEGA/Host_XMEGA.o
 .data          0x00000000        0x0 LUFA/Drivers/USB/Core/XMEGA/Host_XMEGA.o
 .bss           0x00000000        0x0 LUFA/Drivers/USB/Core/XMEGA/Host_XMEGA.o
 .comment       0x00000000       0x31 LUFA/Drivers/USB/Core/XMEGA/Host_XMEGA.o
 .text          0x00000000        0x0 LUFA/Drivers/USB/Core/XMEGA/PipeStream_XMEGA.o
 .data          0x00000000        0x0 LUFA/Drivers/USB/Core/XMEGA/PipeStream_XMEGA.o
 .bss           0x00000000        0x0 LUFA/Drivers/USB/Core/XMEGA/PipeStream_XMEGA.o
 .comment       0x00000000       0x31 LUFA/Drivers/USB/Core/XMEGA/PipeStream_XMEGA.o
 .text          0x00000000        0x0 LUFA/Drivers/USB/Core/XMEGA/Pipe_XMEGA.o
 .data          0x00000000        0x0 LUFA/Drivers/USB/Core/XMEGA/Pipe_XMEGA.o
 .bss           0x00000000        0x0 LUFA/Drivers/USB/Core/XMEGA/Pipe_XMEGA.o
 .comment       0x00000000       0x31 LUFA/Drivers/USB/Core/XMEGA/Pipe_XMEGA.o
 .text          0x00000000        0x0 LUFA/Drivers/USB/Core/XMEGA/Template/Template_Endpoint_Control_R.o
 .data          0x00000000        0x0 LUFA/Drivers/USB/Core/XMEGA/Template/Template_Endpoint_Control_R.o
 .bss           0x00000000        0x0 LUFA/Drivers/USB/Core/XMEGA/Template/Template_Endpoint_Control_R.o
 .comment       0x00000000       0x31 LUFA/Drivers/USB/Core/XMEGA/Template/Template_Endpoint_Control_R.o
 .text          0x00000000        0x0 LUFA/Drivers/USB/Core/XMEGA/Template/Template_Endpoint_Control_W.o
 .data          0x00000000        0x0 LUFA/Drivers/USB/Core/XMEGA/Template/Template_Endpoint_Control_W.o
 .bss           0x00000000        0x0 LUFA/Drivers/USB/Core/XMEGA/Template/Template_Endpoint_Control_W.o
 .comment       0x00000000       0x31 LUFA/Drivers/USB/Core/XMEGA/Template/Template_Endpoint_Control_W.o
 .text          0x00000000        0x0 LUFA/Drivers/USB/Core/XMEGA/Template/Template_Endpoint_RW.o
 .data          0x00000000        0x0 LUFA/Drivers/USB/Core/XMEGA/Template/Template_Endpoint_RW.o
 .bss           0x00000000        0x0 LUFA/Drivers/USB/Core/XMEGA/Template/Template_Endpoint_RW.o
 .comment       0x00000000       0x31 LUFA/Drivers/USB/Core/XMEGA/Template/Template_Endpoint_RW.o
 .text          0x00000000        0x0 LUFA/Drivers/USB/Core/XMEGA/USBController_XMEGA.o
 .data          0x00000000        0x0 LUFA/Drivers/USB/Core/XMEGA/USBController_XMEGA.o
 .bss           0x00000000        0x0 LUFA/Drivers/USB/Core/XMEGA/USBController_XMEGA.o
 .comment       0x00000000       0x31 LUFA/Drivers/USB/Core/XMEGA/USBController_XMEGA.o
 .text          0x00000000        0x0 LUFA/Drivers/USB/Core/XMEGA/USBInterrupt_XMEGA.o
 .data          0x00000000        0x0 LUFA/Drivers/USB/Core/XMEGA/USBInterrupt_XMEGA.o
 .bss           0x00000000        0x0 LUFA/Drivers/USB/Core/XMEGA/USBInterrupt_XMEGA.o
 .comment       0x00000000       0x31 LUFA/Drivers/USB/Core/XMEGA/USBInterrupt_XMEGA.o
 .text          0x00000000        0x0 LUFA/Platform/UC3/Exception.o
 .data          0x00000000        0x0 LUFA/Platform/UC3/Exception.o
 .bss           0x00000000        0x0 LUFA/Platform/UC3/Exception.o
 .text          0x00000000        0x0 LUFA/Platform/UC3/InterruptManagement.o
 .data          0x00000000        0x0 LUFA/Platform/UC3/InterruptManagement.o
 .bss           0x00000000        0x0 LUFA/Platform/UC3/InterruptManagement.o
 .comment       0x00000000       0x31 LUFA/Platform/UC3/InterruptManagement.o
 .text          0x00000000        0x0 c:/program files (x86)/atmel/studio/7.0/toolchain/avr8/avr8-gnu-toolchain/bin/../lib/gcc/avr/4.9.2/avr5\libgcc.a(_exit.o)
 .data          0x00000000        0x0 c:/program files (x86)/atmel/studio/7.0/toolchain/avr8/avr8-gnu-toolchain/bin/../lib/gcc/avr/4.9.2/avr5\libgcc.a(_exit.o)
 .bss           0x00000000        0x0 c:/program files (x86)/atmel/studio/7.0/toolchain/avr8/avr8-gnu-toolchain/bin/../lib/gcc/avr/4.9.2/avr5\libgcc.a(_exit.o)
 .text.libgcc.mul
                0x00000000        0x0 c:/program files (x86)/atmel/studio/7.0/toolchain/avr8/avr8-gnu-toolchain/bin/../lib/gcc/avr/4.9.2/avr5\libgcc.a(_exit.o)
 .text.libgcc.div
                0x00000000        0x0 c:/program files (x86)/atmel/studio/7.0/toolchain/avr8/avr8-gnu-toolchain/bin/../lib/gcc/avr/4.9.2/avr5\libgcc.a(_exit.o)
 .text.libgcc   0x00000000        0x0 c:/program files (x86)/atmel/studio/7.0/toolchain/avr8/avr8-gnu-toolchain/bin/../lib/gcc/avr/4.9.2/avr5\libgcc.a(_exit.o)
 .text.libgcc.prologue
                0x00000000        0x0 c:/program files (x86)/atmel/studio/7.0/toolchain/avr8/avr8-gnu-toolchain/bin/../lib/gcc/avr/4.9.2/avr5\libgcc.a(_exit.o)
 .text.libgcc.builtins
                0x00000000        0x0 c:/program files (x86)/atmel/studio/7.0/toolchain/avr8/avr8-gnu-toolchain/bin/../lib/gcc/avr/4.9.2/avr5\libgcc.a(_exit.o)
 .text.libgcc.fmul
                0x00000000        0x0 c:/program files (x86)/atmel/studio/7.0/toolchain/avr8/avr8-gnu-toolchain/bin/../lib/gcc/avr/4.9.2/avr5\libgcc.a(_exit.o)
 .text.libgcc.fixed
                0x00000000        0x0 c:/program files (x86)/atmel/studio/7.0/toolchain/avr8/avr8-gnu-toolchain/bin/../lib/gcc/avr/4.9.2/avr5\libgcc.a(_exit.o)
 .text          0x00000000        0x0 c:/program files (x86)/atmel/studio/7.0/toolchain/avr8/avr8-gnu-toolchain/bin/../lib/gcc/avr/4.9.2/avr5\libgcc.a(_tablejump2.o)
 .data          0x00000000        0x0 c:/program files (x86)/atmel/studio/7.0/toolchain/avr8/avr8-gnu-toolchain/bin/../lib/gcc/avr/4.9.2/avr5\libgcc.a(_tablejump2.o)
 .bss           0x00000000        0x0 c:/program files (x86)/atmel/studio/7.0/toolchain/avr8/avr8-gnu-toolchain/bin/../lib/gcc/avr/4.9.2/avr5\libgcc.a(_tablejump2.o)
 .text.libgcc.mul
                0x00000000        0x0 c:/program files (x86)/atmel/studio/7.0/toolchain/avr8/avr8-gnu-toolchain/bin/../lib/gcc/avr/4.9.2/avr5\libgcc.a(_tablejump2.o)
 .text.libgcc.div
                0x00000000        0x0 c:/program files (x86)/atmel/studio/7.0/toolchain/avr8/avr8-gnu-toolchain/bin/../lib/gcc/avr/4.9.2/avr5\libgcc.a(_tablejump2.o)
 .text.libgcc.prologue
                0x00000000        0x0 c:/program files (x86)/atmel/studio/7.0/toolchain/avr8/avr8-gnu-toolchain/bin/../lib/gcc/avr/4.9.2/avr5\libgcc.a(_tablejump2.o)
 .text.libgcc.builtins
                0x00000000        0x0 c:/program files (x86)/atmel/studio/7.0/toolchain/avr8/avr8-gnu-toolchain/bin/../lib/gcc/avr/4.9.2/avr5\libgcc.a(_tablejump2.o)
 .text.libgcc.fmul
                0x00000000        0x0 c:/program files (x86)/atmel/studio/7.0/toolchain/avr8/avr8-gnu-toolchain/bin/../lib/gcc/avr/4.9.2/avr5\libgcc.a(_tablejump2.o)
 .text.libgcc.fixed
                0x00000000        0x0 c:/program files (x86)/atmel/studio/7.0/toolchain/avr8/avr8-gnu-toolchain/bin/../lib/gcc/avr/4.9.2/avr5\libgcc.a(_tablejump2.o)
 .text          0x00000000        0x0 c:/program files (x86)/atmel/studio/7.0/toolchain/avr8/avr8-gnu-toolchain/bin/../lib/gcc/avr/4.9.2/avr5\libgcc.a(_copy_data.o)
 .data          0x00000000        0x0 c:/program files (x86)/atmel/studio/7.0/toolchain/avr8/avr8-gnu-toolchain/bin/../lib/gcc/avr/4.9.2/avr5\libgcc.a(_copy_data.o)
 .bss           0x00000000        0x0 c:/program files (x86)/atmel/studio/7.0/toolchain/avr8/avr8-gnu-toolchain/bin/../lib/gcc/avr/4.9.2/avr5\libgcc.a(_copy_data.o)
 .text.libgcc.mul
                0x00000000        0x0 c:/program files (x86)/atmel/studio/7.0/toolchain/avr8/avr8-gnu-toolchain/bin/../lib/gcc/avr/4.9.2/avr5\libgcc.a(_copy_data.o)
 .text.libgcc.div
                0x00000000        0x0 c:/program files (x86)/atmel/studio/7.0/toolchain/avr8/avr8-gnu-toolchain/bin/../lib/gcc/avr/4.9.2/avr5\libgcc.a(_copy_data.o)
 .text.libgcc   0x00000000        0x0 c:/program files (x86)/atmel/studio/7.0/toolchain/avr8/avr8-gnu-toolchain/bin/../lib/gcc/avr/4.9.2/avr5\libgcc.a(_copy_data.o)
 .text.libgcc.prologue
                0x00000000        0x0 c:/program files (x86)/atmel/studio/7.0/toolchain/avr8/avr8-gnu-toolchain/bin/../lib/gcc/avr/4.9.2/avr5\libgcc.a(_copy_data.o)
 .text.libgcc.builtins
                0x00000000        0x0 c:/program files (x86)/atmel/studio/7.0/toolchain/avr8/avr8-gnu-toolchain/bin/../lib/gcc/avr/4.9.2/avr5\libgcc.a(_copy_data.o)
 .text.libgcc.fmul
                0x00000000        0x0 c:/program files (x86)/atmel/studio/7.0/toolchain/avr8/avr8-gnu-toolchain/bin/../lib/gcc/avr/4.9.2/avr5\libgcc.a(_copy_data.o)
 .text.libgcc.fixed
                0x00000000        0x0 c:/program files (x86)/atmel/studio/7.0/toolchain/avr8/avr8-gnu-toolchain/bin/../lib/gcc/avr/4.9.2/avr5\libgcc.a(_copy_data.o)
 .text          0x00000000        0x0 c:/program files (x86)/atmel/studio/7.0/toolchain/avr8/avr8-gnu-toolchain/bin/../lib/gcc/avr/4.9.2/avr5\libgcc.a(_clear_bss.o)
 .data          0x00000000        0x0 c:/program files (x86)/atmel/studio/7.0/toolchain/avr8/avr8-gnu-toolchain/bin/../lib/gcc/avr/4.9.2/avr5\libgcc.a(_clear_bss.o)
 .bss           0x00000000        0x0 c:/program files (x86)/atmel/studio/7.0/toolchain/avr8/avr8-gnu-toolchain/bin/../lib/gcc/avr/4.9.2/avr5\libgcc.a(_clear_bss.o)
 .text.libgcc.mul
                0x00000000        0x0 c:/program files (x86)/atmel/studio/7.0/toolchain/avr8/avr8-gnu-toolchain/bin/../lib/gcc/avr/4.9.2/avr5\libgcc.a(_clear_bss.o)
 .text.libgcc.div
                0x00000000        0x0 c:/program files (x86)/atmel/studio/7.0/toolchain/avr8/avr8-gnu-toolchain/bin/../lib/gcc/avr/4.9.2/avr5\libgcc.a(_clear_bss.o)
 .text.libgcc   0x00000000        0x0 c:/program files (x86)/atmel/studio/7.0/toolchain/avr8/avr8-gnu-toolchain/bin/../lib/gcc/avr/4.9.2/avr5\libgcc.a(_clear_bss.o)
 .text.libgcc.prologue
                0x00000000        0x0 c:/program files (x86)/atmel/studio/7.0/toolchain/avr8/avr8-gnu-toolchain/bin/../lib/gcc/avr/4.9.2/avr5\libgcc.a(_clear_bss.o)
 .text.libgcc.builtins
                0x00000000        0x0 c:/program files (x86)/atmel/studio/7.0/toolchain/avr8/avr8-gnu-toolchain/bin/../lib/gcc/avr/4.9.2/avr5\libgcc.a(_clear_bss.o)
 .text.libgcc.fmul
                0x00000000        0x0 c:/program files (x86)/atmel/studio/7.0/toolchain/avr8/avr8-gnu-toolchain/bin/../lib/gcc/avr/4.9.2/avr5\libgcc.a(_clear_bss.o)
 .text.libgcc.fixed
                0x00000000        0x0 c:/program files (x86)/atmel/studio/7.0/toolchain/avr8/avr8-gnu-toolchain/bin/../lib/gcc/avr/4.9.2/avr5\libgcc.a(_clear_bss.o)
 .text          0x00000000        0x0 c:/program files (x86)/atmel/studio/7.0/toolchain/avr8/avr8-gnu-toolchain/bin/../lib/gcc/avr/4.9.2/../../../../avr/lib/avr5\libc.a(memcpy_P.o)
 .data          0x00000000        0x0 c:/program files (x86)/atmel/studio/7.0/toolchain/avr8/avr8-gnu-toolchain/bin/../lib/gcc/avr/4.9.2/../../../../avr/lib/avr5\libc.a(memcpy_P.o)
 .bss           0x00000000        0x0 c:/program files (x86)/atmel/studio/7.0/toolchain/avr8/avr8-gnu-toolchain/bin/../lib/gcc/avr/4.9.2/../../../../avr/lib/avr5\libc.a(memcpy_P.o)
 .text.avr-libc
                0x00000000       0x12 c:/program files (x86)/atmel/studio/7.0/toolchain/avr8/avr8-gnu-toolchain/bin/../lib/gcc/avr/4.9.2/../../../../avr/lib/avr5\libc.a(memcpy_P.o)
 .text          0x00000000        0x0 c:/program files (x86)/atmel/studio/7.0/toolchain/avr8/avr8-gnu-toolchain/bin/../lib/gcc/avr/4.9.2/../../../../avr/lib/avr5\libc.a(strlen_P.o)
 .data          0x00000000        0x0 c:/program files (x86)/atmel/studio/7.0/toolchain/avr8/avr8-gnu-toolchain/bin/../lib/gcc/avr/4.9.2/../../../../avr/lib/avr5\libc.a(strlen_P.o)
 .bss           0x00000000        0x0 c:/program files (x86)/atmel/studio/7.0/toolchain/avr8/avr8-gnu-toolchain/bin/../lib/gcc/avr/4.9.2/../../../../avr/lib/avr5\libc.a(strlen_P.o)
 .text.avr-libc
                0x00000000       0x12 c:/program files (x86)/atmel/studio/7.0/toolchain/avr8/avr8-gnu-toolchain/bin/../lib/gcc/avr/4.9.2/../../../../avr/lib/avr5\libc.a(strlen_P.o)
 .text          0x00000000        0x0 c:/program files (x86)/atmel/studio/7.0/toolchain/avr8/avr8-gnu-toolchain/bin/../lib/gcc/avr/4.9.2/../../../../avr/lib/avr5\libc.a(memcmp.o)
 .data          0x00000000        0x0 c:/program files (x86)/atmel/studio/7.0/toolchain/avr8/avr8-gnu-toolchain/bin/../lib/gcc/avr/4.9.2/../../../../avr/lib/avr5\libc.a(memcmp.o)
 .bss           0x00000000        0x0 c:/program files (x86)/atmel/studio/7.0/toolchain/avr8/avr8-gnu-toolchain/bin/../lib/gcc/avr/4.9.2/../../../../avr/lib/avr5\libc.a(memcmp.o)
 .text          0x00000000        0x0 c:/program files (x86)/atmel/studio/7.0/toolchain/avr8/avr8-gnu-toolchain/bin/../lib/gcc/avr/4.9.2/../../../../avr/lib/avr5\libc.a(memcpy.o)
 .data          0x00000000        0x0 c:/program files (x86)/atmel/studio/7.0/toolchain/avr8/avr8-gnu-toolchain/bin/../lib/gcc/avr/4.9.2/../../../../avr/lib/avr5\libc.a(memcpy.o)
 .bss           0x00000000        0x0 c:/program files (x86)/atmel/studio/7.0/toolchain/avr8/avr8-gnu-toolchain/bin/../lib/gcc/avr/4.9.2/../../../../avr/lib/avr5\libc.a(memcpy.o)
 .text          0x00000000        0x0 c:/program files (x86)/atmel/studio/7.0/toolchain/avr8/avr8-gnu-toolchain/bin/../lib/gcc/avr/4.9.2/../../../../avr/lib/avr5\libc.a(memset.o)
 .data          0x00000000        0x0 c:/program files (x86)/atmel/studio/7.0/toolchain/avr8/avr8-gnu-toolchain/bin/../lib/gcc/avr/4.9.2/../../../../avr/lib/avr5\libc.a(memset.o)
 .bss           0x00000000        0x0 c:/program files (x86)/atmel/studio/7.0/toolchain/avr8/avr8-gnu-toolchain/bin/../lib/gcc/avr/4.9.2/../../../../avr/lib/avr5\libc.a(memset.o)
 .text          0x00000000        0x0 c:/program files (x86)/atmel/studio/7.0/toolchain/avr8/avr8-gnu-toolchain/bin/../lib/gcc/avr/4.9.2/../../../../avr/lib/avr5\libc.a(iob.o)
 .data          0x00000000        0x0 c:/program files (x86)/atmel/studio/7.0/toolchain/avr8/avr8-gnu-toolchain/bin/../lib/gcc/avr/4.9.2/../../../../avr/lib/avr5\libc.a(iob.o)
 .bss           0x00000000        0x0 c:/program files (x86)/atmel/studio/7.0/toolchain/avr8/avr8-gnu-toolchain/bin/../lib/gcc/avr/4.9.2/../../../../avr/lib/avr5\libc.a(iob.o)
 .comment       0x00000000       0x31 c:/program files (x86)/atmel/studio/7.0/toolchain/avr8/avr8-gnu-toolchain/bin/../lib/gcc/avr/4.9.2/../../../../avr/lib/avr5\libc.a(iob.o)
 COMMON         0x00000000        0x6 c:/program files (x86)/atmel/studio/7.0/toolchain/avr8/avr8-gnu-toolchain/bin/../lib/gcc/avr/4.9.2/../../../../avr/lib/avr5\libc.a(iob.o)
 .text          0x00000000        0x0 C:/Program Files (x86)/Atmel/Studio/7.0/Packs/atmel/ATmega_DFP/1.1.130/gcc/dev/atmega32u4/avr5\libatmega32u4.a(eerd_byte.o)
 .data          0x00000000        0x0 C:/Program Files (x86)/Atmel/Studio/7.0/Packs/atmel/ATmega_DFP/1.1.130/gcc/dev/atmega32u4/avr5\libatmega32u4.a(eerd_byte.o)
 .bss           0x00000000        0x0 C:/Program Files (x86)/Atmel/Studio/7.0/Packs/atmel/ATmega_DFP/1.1.130/gcc/dev/atmega32u4/avr5\libatmega32u4.a(eerd_byte.o)
 .text.avr-libc
                0x00000000       0x10 C:/Program Files (x86)/Atmel/Studio/7.0/Packs/atmel/ATmega_DFP/1.1.130/gcc/dev/atmega32u4/avr5\libatmega32u4.a(eerd_byte.o)
 .debug_line    0x00000000       0x7a C:/Program Files (x86)/Atmel/Studio/7.0/Packs/atmel/ATmega_DFP/1.1.130/gcc/dev/atmega32u4/avr5\libatmega32u4.a(eerd_byte.o)
 .debug_info    0x00000000       0xac C:/Program Files (x86)/Atmel/Studio/7.0/Packs/atmel/ATmega_DFP/1.1.130/gcc/dev/atmega32u4/avr5\libatmega32u4.a(eerd_byte.o)
 .debug_abbrev  0x00000000       0x14 C:/Program Files (x86)/Atmel/Studio/7.0/Packs/atmel/ATmega_DFP/1.1.130/gcc/dev/atmega32u4/avr5\libatmega32u4.a(eerd_byte.o)
 .debug_aranges
                0x00000000       0x20 C:/Program Files (x86)/Atmel/Studio/7.0/Packs/atmel/ATmega_DFP/1.1.130/gcc/dev/atmega32u4/avr5\libatmega32u4.a(eerd_byte.o)
 .text          0x00000000        0x0 C:/Program Files (x86)/Atmel/Studio/7.0/Packs/atmel/ATmega_DFP/1.1.130/gcc/dev/atmega32u4/avr5\libatmega32u4.a(eeupd_byte.o)
 .data          0x00000000        0x0 C:/Program Files (x86)/Atmel/Studio/7.0/Packs/atmel/ATmega_DFP/1.1.130/gcc/dev/atmega32u4/avr5\libatmega32u4.a(eeupd_byte.o)
 .bss           0x00000000        0x0 C:/Program Files (x86)/Atmel/Studio/7.0/Packs/atmel/ATmega_DFP/1.1.130/gcc/dev/atmega32u4/avr5\libatmega32u4.a(eeupd_byte.o)
 .text.avr-libc
                0x00000000       0x24 C:/Program Files (x86)/Atmel/Studio/7.0/Packs/atmel/ATmega_DFP/1.1.130/gcc/dev/atmega32u4/avr5\libatmega32u4.a(eeupd_byte.o)
 .debug_line    0x00000000       0xb6 C:/Program Files (x86)/Atmel/Studio/7.0/Packs/atmel/ATmega_DFP/1.1.130/gcc/dev/atmega32u4/avr5\libatmega32u4.a(eeupd_byte.o)
 .debug_info    0x00000000       0xad C:/Program Files (x86)/Atmel/Studio/7.0/Packs/atmel/ATmega_DFP/1.1.130/gcc/dev/atmega32u4/avr5\libatmega32u4.a(eeupd_byte.o)
 .debug_abbrev  0x00000000       0x14 C:/Program Files (x86)/Atmel/Studio/7.0/Packs/atmel/ATmega_DFP/1.1.130/gcc/dev/atmega32u4/avr5\libatmega32u4.a(eeupd_byte.o)
 .debug_aranges
                0x00000000       0x20 C:/Program Files (x86)/Atmel/Studio/7.0/Packs/atmel/ATmega_DFP/1.1.130/gcc/dev/atmega32u4/avr5\libatmega32u4.a(eeupd_byte.o)

Memory Configuration

Name             Origin             Length             Attributes
text             0x00000000         0x00020000         xr
data             0x00800060         0x0000ffa0         rw !x
eeprom           0x00810000         0x00010000         rw !x
fuse             0x00820000         0x00000003         rw !x
lock             0x00830000         0x00000400         rw !x
signature        0x00840000         0x00000400         rw !x
user_signatures  0x00850000         0x00000400         rw !x
*default*        0x00000000         0xffffffff

Linker script and memory map

Address of section .data set to 0x800100
LOAD C:/Program Files (x86)/Atmel/Studio/7.0/Packs/atmel/ATmega_DFP/1.1.130/gcc/dev/atmega32u4/avr5/crtatmega32u4.o
LOAD Descriptors.o
LOAD GenericHID.o
LOAD LUFA/Drivers/Board/Temperature.o
LOAD LUFA/Drivers/Peripheral/AVR8/Serial_AVR8.o
LOAD LUFA/Drivers/Peripheral/AVR8/TWI_AVR8.o
LOAD LUFA/Drivers/Peripheral/XMEGA/Serial_XMEGA.o
LOAD LUFA/Drivers/Peripheral/XMEGA/TWI_XMEGA.o
LOAD LUFA/Drivers/USB/Class/Common/HIDParser.o
LOAD LUFA/Drivers/USB/Class/Device/AudioClassDevice.o
LOAD LUFA/Drivers/USB/Class/Device/CDCClassDevice.o
LOAD LUFA/Drivers/USB/Class/Device/HIDClassDevice.o
LOAD LUFA/Drivers/USB/Class/Device/MassStorageClassDevice.o
LOAD LUFA/Drivers/USB/Class/Device/MIDIClassDevice.o
LOAD LUFA/Drivers/USB/Class/Device/PrinterClassDevice.o
LOAD LUFA/Drivers/USB/Class/Device/RNDISClassDevice.o
LOAD LUFA/Drivers/USB/Class/Host/AndroidAccessoryClassHost.o
LOAD LUFA/Drivers/USB/Class/Host/AudioClassHost.o
LOAD LUFA/Drivers/USB/Class/Host/CDCClassHost.o
LOAD LUFA/Drivers/USB/Class/Host/HIDClassHost.o
LOAD LUFA/Drivers/USB/Class/Host/MassStorageClassHost.o
LOAD LUFA/Drivers/USB/Class/Host/MIDIClassHost.o
LOAD LUFA/Drivers/USB/Class/Host/PrinterClassHost.o
LOAD LUFA/Drivers/USB/Class/Host/RNDISClassHost.o
LOAD LUFA/Drivers/USB/Class/Host/StillImageClassHost.o
LOAD LUFA/Drivers/USB/Core/AVR8/Device_AVR8.o
LOAD LUFA/Drivers/USB/Core/AVR8/EndpointStream_AVR8.o
LOAD LUFA/Drivers/USB/Core/AVR8/Endpoint_AVR8.o
LOAD LUFA/Drivers/USB/Core/AVR8/Host_AVR8.o
LOAD LUFA/Drivers/USB/Core/AVR8/PipeStream_AVR8.o
LOAD LUFA/Drivers/USB/Core/AVR8/Pipe_AVR8.o
LOAD LUFA/Drivers/USB/Core/AVR8/Template/Template_Endpoint_Control_R.o
LOAD LUFA/Drivers/USB/Core/AVR8/Template/Template_Endpoint_Control_W.o
LOAD LUFA/Drivers/USB/Core/AVR8/Template/Template_Endpoint_RW.o
LOAD LUFA/Drivers/USB/Core/AVR8/Template/Template_Pipe_RW.o
LOAD LUFA/Drivers/USB/Core/AVR8/USBController_AVR8.o
LOAD LUFA/Drivers/USB/Core/AVR8/USBInterrupt_AVR8.o
LOAD LUFA/Drivers/USB/Core/ConfigDescriptors.o
LOAD LUFA/Drivers/USB/Core/DeviceStandardReq.o
LOAD LUFA/Drivers/USB/Core/Events.o
LOAD LUFA/Drivers/USB/Core/HostStandardReq.o
LOAD LUFA/Drivers/USB/Core/UC3/Device_UC3.o
LOAD LUFA/Drivers/USB/Core/UC3/EndpointStream_UC3.o
LOAD LUFA/Drivers/USB/Core/UC3/Endpoint_UC3.o
LOAD LUFA/Drivers/USB/Core/UC3/Host_UC3.o
LOAD LUFA/Drivers/USB/Core/UC3/PipeStream_UC3.o
LOAD LUFA/Drivers/USB/Core/UC3/Pipe_UC3.o
LOAD LUFA/Drivers/USB/Core/UC3/Template/Template_Endpoint_Control_R.o
LOAD LUFA/Drivers/USB/Core/UC3/Template/Template_Endpoint_Control_W.o
LOAD LUFA/Drivers/USB/Core/UC3/Template/Template_Endpoint_RW.o
LOAD LUFA/Drivers/USB/Core/UC3/Template/Template_Pipe_RW.o
LOAD LUFA/Drivers/USB/Core/UC3/USBController_UC3.o
LOAD LUFA/Drivers/USB/Core/UC3/USBInterrupt_UC3.o
LOAD LUFA/Drivers/USB/Core/USBTask.o
LOAD LUFA/Drivers/USB/Core/XMEGA/Device_XMEGA.o
LOAD LUFA/Drivers/USB/Core/XMEGA/EndpointStream_XMEGA.o
LOAD LUFA/Drivers/USB/Core/XMEGA/Endpoint_XMEGA.o
LOAD LUFA/Drivers/USB/Core/XMEGA/Host_XMEGA.o
LOAD LUFA/Drivers/USB/Core/XMEGA/PipeStream_XMEGA.o
LOAD LUFA/Drivers/USB/Core/XMEGA/Pipe_XMEGA.o
LOAD LUFA/Drivers/USB/Core/XMEGA/Template/Template_Endpoint_Control_R.o
LOAD LUFA/Drivers/USB/Core/XMEGA/Template/Template_Endpoint_Control_W.o
LOAD LUFA/Drivers/USB/Core/XMEGA/Template/Template_Endpoint_RW.o
LOAD LUFA/Drivers/USB/Core/XMEGA/USBController_XMEGA.o
LOAD LUFA/Drivers/USB/Core/XMEGA/USBInterrupt_XMEGA.o
LOAD LUFA/Platform/UC3/Exception.o
LOAD LUFA/Platform/UC3/InterruptManagement.o
START GROUP
LOAD c:/program files (x86)/atmel/studio/7.0/toolchain/avr8/avr8-gnu-toolchain/bin/../lib/gcc/avr/4.9.2/../../../../avr/lib/avr5\libm.a
END GROUP
START GROUP
LOAD c:/program files (x86)/atmel/studio/7.0/toolchain/avr8/avr8-gnu-toolchain/bin/../lib/gcc/avr/4.9.2/avr5\libgcc.a
LOAD c:/program files (x86)/atmel/studio/7.0/toolchain/avr8/avr8-gnu-toolchain/bin/../lib/gcc/avr/4.9.2/../../../../avr/lib/avr5\libm.a
LOAD c:/program files (x86)/atmel/studio/7.0/toolchain/avr8/avr8-gnu-toolchain/bin/../lib/gcc/avr/4.9.2/../../../../avr/lib/avr5\libc.a
LOAD C:/Program Files (x86)/Atmel/Studio/7.0/Packs/atmel/ATmega_DFP/1.1.130/gcc/dev/atmega32u4/avr5\libatmega32u4.a
END GROUP
                0x00020000                __TEXT_REGION_LENGTH__ = DEFINED (__TEXT_REGION_LENGTH__)?__TEXT_REGION_LENGTH__:0x20000
                0x0000ffa0                __DATA_REGION_LENGTH__ = DEFINED (__DATA_REGION_LENGTH__)?__DATA_REGION_LENGTH__:0xffa0
                0x00010000                __EEPROM_REGION_LENGTH__ = DEFINED (__EEPROM_REGION_LENGTH__)?__EEPROM_REGION_LENGTH__:0x10000
                [0x00000003]                __FUSE_REGION_LENGTH__ = DEFINED (__FUSE_REGION_LENGTH__)?__FUSE_REGION_LENGTH__:0x400
                0x00000400                __LOCK_REGION_LENGTH__ = DEFINED (__LOCK_REGION_LENGTH__)?__LOCK_REGION_LENGTH__:0x400
                0x00000400                __SIGNATURE_REGION_LENGTH__ = DEFINED (__SIGNATURE_REGION_LENGTH__)?__SIGNATURE_REGION_LENGTH__:0x400
                0x00000400                __USER_SIGNATURE_REGION_LENGTH__ = DEFINED (__USER_SIGNATURE_REGION_LENGTH__)?__USER_SIGNATURE_REGION_LENGTH__:0x400

.hash
 *(.hash)

.dynsym
 *(.dynsym)

.dynstr
 *(.dynstr)

.gnu.version
 *(.gnu.version)

.gnu.version_d
 *(.gnu.version_d)

.gnu.version_r
 *(.gnu.version_r)

.rel.init
 *(.rel.init)

.rela.init
 *(.rela.init)

.rel.text
 *(.rel.text)
 *(.rel.text.*)
 *(.rel.gnu.linkonce.t*)

.rela.text
 *(.rela.text)
 *(.rela.text.*)
 *(.rela.gnu.linkonce.t*)

.rel.fini
 *(.rel.fini)

.rela.fini
 *(.rela.fini)

.rel.rodata
 *(.rel.rodata)
 *(.rel.rodata.*)
 *(.rel.gnu.linkonce.r*)

.rela.rodata
 *(.rela.rodata)
 *(.rela.rodata.*)
 *(.rela.gnu.linkonce.r*)

.rel.data
 *(.rel.data)
 *(.rel.data.*)
 *(.rel.gnu.linkonce.d*)

.rela.data
 *(.rela.data)
 *(.rela.data.*)
 *(.rela.gnu.linkonce.d*)

.rel.ctors
 *(.rel.ctors)

.rela.ctors
 *(.rela.ctors)

.rel.dtors
 *(.rel.dtors)

.rela.dtors
 *(.rela.dtors)

.rel.got
 *(.rel.got)

.rela.got
 *(.rela.got)

.rel.bss
 *(.rel.bss)

.rela.bss
 *(.rela.bss)

.rel.plt
 *(.rel.plt)

.rela.plt
 *(.rela.plt)

.text           0x00000000     0x1266
 *(.vectors)
 .vectors       0x00000000       0xac C:/Program Files (x86)/Atmel/Studio/7.0/Packs/atmel/ATmega_DFP/1.1.130/gcc/dev/atmega32u4/avr5/crtatmega32u4.o
                0x00000000                __vector_default
                0x00000000                __vectors
 *(.vectors)
 *(.progmem.gcc*)
 .progmem.gcc_sw_table.USB_Device_ProcessControlRequest
                0x000000ac       0x14 LUFA/Drivers/USB/Core/DeviceStandardReq.o
                0x000000c0                . = ALIGN (0x2)
                0x000000c0                __trampolines_start = .
 *(.trampolines)
 .trampolines   0x000000c0        0x0 linker stubs
 *(.trampolines*)
                0x000000c0                __trampolines_end = .
 *libprintf_flt.a:*(.progmem.data)
 *libc.a:*(.progmem.data)
 *(.progmem*)
 .progmem.data.ProductString
                0x000000c0       0x2e Descriptors.o
                0x000000c0                ProductString
 .progmem.data.ManufacturerString
                0x000000ee       0x1a Descriptors.o
                0x000000ee                ManufacturerString
 .progmem.data.LanguageString
                0x00000108        0x4 Descriptors.o
                0x00000108                LanguageString
 .progmem.data.ConfigurationDescriptor
                0x0000010c       0x22 Descriptors.o
                0x0000010c                ConfigurationDescriptor
 .progmem.data.DeviceDescriptor
                0x0000012e       0x12 Descriptors.o
                0x0000012e                DeviceDescriptor
 .progmem.data.GenericReport
                0x00000140      0x14b Descriptors.o
                0x00000140                GenericReport
                0x0000028c                . = ALIGN (0x2)
 *fill*         0x0000028b        0x1 
 *(.jumptables)
 *(.jumptables*)
 *(.lowtext)
 *(.lowtext*)
                0x0000028c                __ctors_start = .
 *(.ctors)
                0x0000028c                __ctors_end = .
                0x0000028c                __dtors_start = .
 *(.dtors)
                0x0000028c                __dtors_end = .
 SORT(*)(.ctors)
 SORT(*)(.dtors)
 *(.init0)
 .init0         0x0000028c        0x0 C:/Program Files (x86)/Atmel/Studio/7.0/Packs/atmel/ATmega_DFP/1.1.130/gcc/dev/atmega32u4/avr5/crtatmega32u4.o
                0x0000028c                __init
 *(.init0)
 *(.init1)
 *(.init1)
 *(.init2)
 .init2         0x0000028c        0xc C:/Program Files (x86)/Atmel/Studio/7.0/Packs/atmel/ATmega_DFP/1.1.130/gcc/dev/atmega32u4/avr5/crtatmega32u4.o
 *(.init2)
 *(.init3)
 *(.init3)
 *(.init4)
 .init4         0x00000298       0x16 c:/program files (x86)/atmel/studio/7.0/toolchain/avr8/avr8-gnu-toolchain/bin/../lib/gcc/avr/4.9.2/avr5\libgcc.a(_copy_data.o)
                0x00000298                __do_copy_data
 .init4         0x000002ae       0x10 c:/program files (x86)/atmel/studio/7.0/toolchain/avr8/avr8-gnu-toolchain/bin/../lib/gcc/avr/4.9.2/avr5\libgcc.a(_clear_bss.o)
                0x000002ae                __do_clear_bss
 *(.init4)
 *(.init5)
 *(.init5)
 *(.init6)
 *(.init6)
 *(.init7)
 *(.init7)
 *(.init8)
 *(.init8)
 *(.init9)
 .init9         0x000002be        0x8 C:/Program Files (x86)/Atmel/Studio/7.0/Packs/atmel/ATmega_DFP/1.1.130/gcc/dev/atmega32u4/avr5/crtatmega32u4.o
 *(.init9)
 *(.text)
 .text          0x000002c6        0x4 C:/Program Files (x86)/Atmel/Studio/7.0/Packs/atmel/ATmega_DFP/1.1.130/gcc/dev/atmega32u4/avr5/crtatmega32u4.o
                0x000002c6                __vector_38
                0x000002c6                __vector_22
                0x000002c6                __vector_28
                0x000002c6                __vector_1
                0x000002c6                __vector_32
                0x000002c6                __vector_34
                0x000002c6                __vector_24
                0x000002c6                __vector_12
                0x000002c6                __bad_interrupt
                0x000002c6                __vector_6
                0x000002c6                __vector_31
                0x000002c6                __vector_35
                0x000002c6                __vector_39
                0x000002c6                __vector_3
                0x000002c6                __vector_23
                0x000002c6                __vector_30
                0x000002c6                __vector_25
                0x000002c6                __vector_11
                0x000002c6                __vector_13
                0x000002c6                __vector_17
                0x000002c6                __vector_19
                0x000002c6                __vector_7
                0x000002c6                __vector_41
                0x000002c6                __vector_27
                0x000002c6                __vector_5
                0x000002c6                __vector_33
                0x000002c6                __vector_37
                0x000002c6                __vector_4
                0x000002c6                __vector_9
                0x000002c6                __vector_2
                0x000002c6                __vector_21
                0x000002c6                __vector_15
                0x000002c6                __vector_36
                0x000002c6                __vector_29
                0x000002c6                __vector_40
                0x000002c6                __vector_8
                0x000002c6                __vector_26
                0x000002c6                __vector_14
                0x000002c6                __vector_16
                0x000002c6                __vector_18
                0x000002c6                __vector_20
                0x000002c6                __vector_42
                0x000002ca                . = ALIGN (0x2)
 *(.text.*)
 .text.CALLBACK_USB_GetDescriptor
                0x000002ca       0x86 Descriptors.o
                0x000002ca                CALLBACK_USB_GetDescriptor
 .text.LEDs_SetAllLEDs
                0x00000350        0xa GenericHID.o
 .text.SetupHardware
                0x0000035a       0x36 GenericHID.o
                0x0000035a                SetupHardware
 .text.startup.main
                0x00000390       0x1a GenericHID.o
                0x00000390                main
 .text.EVENT_USB_Device_Connect
                0x000003aa        0x6 GenericHID.o
                0x000003aa                EVENT_USB_Device_Connect
 .text.EVENT_USB_Device_Disconnect
                0x000003b0        0x6 GenericHID.o
                0x000003b0                EVENT_USB_Device_Disconnect
 .text.EVENT_USB_Device_ConfigurationChanged
                0x000003b6       0x20 GenericHID.o
                0x000003b6                EVENT_USB_Device_ConfigurationChanged
 .text.EVENT_USB_Device_ControlRequest
                0x000003d6        0x8 GenericHID.o
                0x000003d6                EVENT_USB_Device_ControlRequest
 .text.EVENT_USB_Device_StartOfFrame
                0x000003de       0x18 GenericHID.o
                0x000003de                EVENT_USB_Device_StartOfFrame
 .text.CALLBACK_HID_Device_CreateHIDReport
                0x000003f6       0x76 GenericHID.o
                0x000003f6                CALLBACK_HID_Device_CreateHIDReport
 .text.CALLBACK_HID_Device_ProcessHIDReport
                0x0000046c        0x2 GenericHID.o
                0x0000046c                CALLBACK_HID_Device_ProcessHIDReport
 .text.HID_Device_ProcessControlRequest
                0x0000046e      0x282 LUFA/Drivers/USB/Class/Device/HIDClassDevice.o
                0x0000046e                HID_Device_ProcessControlRequest
 .text.HID_Device_ConfigureEndpoints
                0x000006f0       0x28 LUFA/Drivers/USB/Class/Device/HIDClassDevice.o
                0x000006f0                HID_Device_ConfigureEndpoints
 .text.HID_Device_USBTask
                0x00000718      0x18e LUFA/Drivers/USB/Class/Device/HIDClassDevice.o
                0x00000718                HID_Device_USBTask
 .text.Endpoint_Write_Stream_LE
                0x000008a6       0x9a LUFA/Drivers/USB/Core/AVR8/EndpointStream_AVR8.o
                0x000008a6                Endpoint_Write_Stream_LE
 .text.Endpoint_Write_Control_Stream_LE
                0x00000940       0xc6 LUFA/Drivers/USB/Core/AVR8/EndpointStream_AVR8.o
                0x00000940                Endpoint_Write_Control_Stream_LE
 .text.Endpoint_Read_Control_Stream_LE
                0x00000a06       0x80 LUFA/Drivers/USB/Core/AVR8/EndpointStream_AVR8.o
                0x00000a06                Endpoint_Read_Control_Stream_LE
 .text.Endpoint_Write_Control_PStream_LE
                0x00000a86       0xc2 LUFA/Drivers/USB/Core/AVR8/EndpointStream_AVR8.o
                0x00000a86                Endpoint_Write_Control_PStream_LE
 .text.Endpoint_ConfigureEndpoint_Prv
                0x00000b48       0x6a LUFA/Drivers/USB/Core/AVR8/Endpoint_AVR8.o
                0x00000b48                Endpoint_ConfigureEndpoint_Prv
 .text.Endpoint_ConfigureEndpointTable
                0x00000bb2       0x92 LUFA/Drivers/USB/Core/AVR8/Endpoint_AVR8.o
                0x00000bb2                Endpoint_ConfigureEndpointTable
 .text.Endpoint_ClearStatusStage
                0x00000c44       0x3e LUFA/Drivers/USB/Core/AVR8/Endpoint_AVR8.o
                0x00000c44                Endpoint_ClearStatusStage
 .text.Endpoint_WaitUntilReady
                0x00000c82       0x64 LUFA/Drivers/USB/Core/AVR8/Endpoint_AVR8.o
                0x00000c82                Endpoint_WaitUntilReady
 .text.USB_ResetInterface
                0x00000ce6       0x86 LUFA/Drivers/USB/Core/AVR8/USBController_AVR8.o
                0x00000ce6                USB_ResetInterface
 .text.USB_Init
                0x00000d6c       0x22 LUFA/Drivers/USB/Core/AVR8/USBController_AVR8.o
                0x00000d6c                USB_Init
 .text.USB_INT_DisableAllInterrupts
                0x00000d8e       0x10 LUFA/Drivers/USB/Core/AVR8/USBInterrupt_AVR8.o
                0x00000d8e                USB_INT_DisableAllInterrupts
 .text.USB_INT_ClearAllInterrupts
                0x00000d9e        0xa LUFA/Drivers/USB/Core/AVR8/USBInterrupt_AVR8.o
                0x00000d9e                USB_INT_ClearAllInterrupts
 .text.__vector_10
                0x00000da8      0x19a LUFA/Drivers/USB/Core/AVR8/USBInterrupt_AVR8.o
                0x00000da8                __vector_10
 .text.USB_Device_ProcessControlRequest
                0x00000f42      0x2a2 LUFA/Drivers/USB/Core/DeviceStandardReq.o
                0x00000f42                USB_Device_ProcessControlRequest
 .text.USB_Event_Stub
                0x000011e4        0x2 LUFA/Drivers/USB/Core/Events.o
                0x000011e4                USB_Event_Stub
                0x000011e4                EVENT_USB_Device_Suspend
                0x000011e4                EVENT_USB_Device_Reset
                0x000011e4                EVENT_USB_Device_WakeUp
 .text.USB_USBTask
                0x000011e6       0x36 LUFA/Drivers/USB/Core/USBTask.o
                0x000011e6                USB_USBTask
 .text.libgcc   0x0000121c        0xc c:/program files (x86)/atmel/studio/7.0/toolchain/avr8/avr8-gnu-toolchain/bin/../lib/gcc/avr/4.9.2/avr5\libgcc.a(_tablejump2.o)
                0x0000121c                __tablejump2__
 .text.avr-libc
                0x00001228       0x1a c:/program files (x86)/atmel/studio/7.0/toolchain/avr8/avr8-gnu-toolchain/bin/../lib/gcc/avr/4.9.2/../../../../avr/lib/avr5\libc.a(memcmp.o)
                0x00001228                memcmp
 .text.avr-libc
                0x00001242       0x12 c:/program files (x86)/atmel/studio/7.0/toolchain/avr8/avr8-gnu-toolchain/bin/../lib/gcc/avr/4.9.2/../../../../avr/lib/avr5\libc.a(memcpy.o)
                0x00001242                memcpy
 .text.avr-libc
                0x00001254        0xe c:/program files (x86)/atmel/studio/7.0/toolchain/avr8/avr8-gnu-toolchain/bin/../lib/gcc/avr/4.9.2/../../../../avr/lib/avr5\libc.a(memset.o)
                0x00001254                memset
                0x00001262                . = ALIGN (0x2)
 *(.fini9)
 .fini9         0x00001262        0x0 c:/program files (x86)/atmel/studio/7.0/toolchain/avr8/avr8-gnu-toolchain/bin/../lib/gcc/avr/4.9.2/avr5\libgcc.a(_exit.o)
                0x00001262                _exit
                0x00001262                exit
 *(.fini9)
 *(.fini8)
 *(.fini8)
 *(.fini7)
 *(.fini7)
 *(.fini6)
 *(.fini6)
 *(.fini5)
 *(.fini5)
 *(.fini4)
 *(.fini4)
 *(.fini3)
 *(.fini3)
 *(.fini2)
 *(.fini2)
 *(.fini1)
 *(.fini1)
 *(.fini0)
 .fini0         0x00001262        0x4 c:/program files (x86)/atmel/studio/7.0/toolchain/avr8/avr8-gnu-toolchain/bin/../lib/gcc/avr/4.9.2/avr5\libgcc.a(_exit.o)
 *(.fini0)
                0x00001266                _etext = .

.data           0x00800100       0x10 load address 0x00001266
                0x00800100                PROVIDE (__data_start, .)
 *(.data)
 *(.data*)
 .data.Generic_HID_Interface
                0x00800100       0x10 GenericHID.o
                0x00800100                Generic_HID_Interface
 *(.rodata)
 *(.rodata*)
 *(.gnu.linkonce.d*)
                0x00800110                . = ALIGN (0x2)
                0x00800110                _edata = .
                0x00800110                PROVIDE (__data_end, .)

.bss            0x00800110       0x1b
                0x00800110                PROVIDE (__bss_start, .)
 *(.bss)
 *(.bss*)
 .bss.PrevHIDReportBuffer
                0x00800110        0xe GenericHID.o
 *(COMMON)
 COMMON         0x0080011e        0x3 LUFA/Drivers/USB/Core/DeviceStandardReq.o
                0x0080011e                USB_Device_ConfigurationNumber
                0x0080011f                USB_Device_CurrentlySelfPowered
                0x00800120                USB_Device_RemoteWakeupEnabled
 COMMON         0x00800121        0xa LUFA/Drivers/USB/Core/USBTask.o
                0x00800121                USB_IsInitialized
                0x00800122                USB_DeviceState
                0x00800123                USB_ControlRequest
                0x0080012b                PROVIDE (__bss_end, .)
                0x00001266                __data_load_start = LOADADDR (.data)
                0x00001276                __data_load_end = (__data_load_start + SIZEOF (.data))

.noinit         0x0080012b        0x0
                [!provide]                PROVIDE (__noinit_start, .)
 *(.noinit*)
                [!provide]                PROVIDE (__noinit_end, .)
                0x0080012b                _end = .
                [!provide]                PROVIDE (__heap_start, .)

.eeprom         0x00810000        0x0
 *(.eeprom*)
                0x00810000                __eeprom_end = .

.fuse
 *(.fuse)
 *(.lfuse)
 *(.hfuse)
 *(.efuse)

.lock
 *(.lock*)

.signature
 *(.signature*)

.user_signatures
 *(.user_signatures*)

.stab
 *(.stab)

.stabstr
 *(.stabstr)

.stab.excl
 *(.stab.excl)

.stab.exclstr
 *(.stab.exclstr)

.stab.index
 *(.stab.index)

.stab.indexstr
 *(.stab.indexstr)

.comment        0x00000000       0x30
 *(.comment)
 .comment       0x00000000       0x30 Descriptors.o
                                 0x31 (size before relaxing)
 .comment       0x00000030       0x31 GenericHID.o
 .comment       0x00000030       0x31 LUFA/Drivers/USB/Class/Device/HIDClassDevice.o
 .comment       0x00000030       0x31 LUFA/Drivers/USB/Core/AVR8/EndpointStream_AVR8.o
 .comment       0x00000030       0x31 LUFA/Drivers/USB/Core/AVR8/Endpoint_AVR8.o
 .comment       0x00000030       0x31 LUFA/Drivers/USB/Core/AVR8/USBController_AVR8.o
 .comment       0x00000030       0x31 LUFA/Drivers/USB/Core/AVR8/USBInterrupt_AVR8.o
 .comment       0x00000030       0x31 LUFA/Drivers/USB/Core/DeviceStandardReq.o
 .comment       0x00000030       0x31 LUFA/Drivers/USB/Core/Events.o
 .comment       0x00000030       0x31 LUFA/Drivers/USB/Core/USBTask.o

.note.gnu.avr.deviceinfo
                0x00000000       0x40
 .note.gnu.avr.deviceinfo
                0x00000000       0x40 C:/Program Files (x86)/Atmel/Studio/7.0/Packs/atmel/ATmega_DFP/1.1.130/gcc/dev/atmega32u4/avr5/crtatmega32u4.o

.note.gnu.build-id
 *(.note.gnu.build-id)

.debug
 *(.debug)

.line
 *(.line)

.debug_srcinfo
 *(.debug_srcinfo)

.debug_sfnames
 *(.debug_sfnames)

.debug_aranges
 *(.debug_aranges)

.debug_pubnames
 *(.debug_pubnames)

.debug_info     0x00000000      0x9f4
 *(.debug_info .gnu.linkonce.wi.*)
 .debug_info    0x00000000      0x9f4 C:/Program Files (x86)/Atmel/Studio/7.0/Packs/atmel/ATmega_DFP/1.1.130/gcc/dev/atmega32u4/avr5/crtatmega32u4.o

.debug_abbrev   0x00000000      0x96a
 *(.debug_abbrev)
 .debug_abbrev  0x00000000      0x96a C:/Program Files (x86)/Atmel/Studio/7.0/Packs/atmel/ATmega_DFP/1.1.130/gcc/dev/atmega32u4/avr5/crtatmega32u4.o

.debug_line     0x00000000      0x199
 *(.debug_line .debug_line.* .debug_line_end)
 .debug_line    0x00000000      0x199 C:/Program Files (x86)/Atmel/Studio/7.0/Packs/atmel/ATmega_DFP/1.1.130/gcc/dev/atmega32u4/avr5/crtatmega32u4.o

.debug_frame
 *(.debug_frame)

.debug_str      0x00000000      0x371
 *(.debug_str)
 .debug_str     0x00000000      0x371 C:/Program Files (x86)/Atmel/Studio/7.0/Packs/atmel/ATmega_DFP/1.1.130/gcc/dev/atmega32u4/avr5/crtatmega32u4.o

.debug_loc
 *(.debug_loc)

.debug_macinfo
 *(.debug_macinfo)

.debug_weaknames
 *(.debug_weaknames)

.debug_funcnames
 *(.debug_funcnames)

.debug_typenames
 *(.debug_typenames)

.debug_varnames
 *(.debug_varnames)

.debug_pubtypes
 *(.debug_pubtypes)

.debug_ranges
 *(.debug_ranges)

.debug_macro
 *(.debug_macro)
OUTPUT(hid-imu.elf elf32-avr)
LOAD linker stubs
